------------------------------------------------------------
TimeQuest Timing Analyzer Summary
------------------------------------------------------------

Type  : Slow Model Setup 'reloj'
Slack : -54.877
TNS   : -10965.242

Type  : Slow Model Setup 'control:ControlUnit|currentState.DecodeS'
Slack : -53.283
TNS   : -473.338

Type  : Slow Model Setup 'control:ControlUnit|currentState.FetchS'
Slack : -12.894
TNS   : -235.479

Type  : Slow Model Setup 'control:ControlUnit|currentState.BranchS'
Slack : -9.960
TNS   : -153.333

Type  : Slow Model Setup 'control:ControlUnit|currentState.MemReadS'
Slack : -9.701
TNS   : -148.402

Type  : Slow Model Hold 'control:ControlUnit|currentState.DecodeS'
Slack : -3.140
TNS   : -9.163

Type  : Slow Model Hold 'reloj'
Slack : -1.560
TNS   : -17.771

Type  : Slow Model Hold 'control:ControlUnit|currentState.FetchS'
Slack : -0.646
TNS   : -0.697

Type  : Slow Model Hold 'control:ControlUnit|currentState.BranchS'
Slack : 0.425
TNS   : 0.000

Type  : Slow Model Hold 'control:ControlUnit|currentState.MemReadS'
Slack : 2.023
TNS   : 0.000

Type  : Slow Model Minimum Pulse Width 'reloj'
Slack : -1.631
TNS   : -1613.449

Type  : Slow Model Minimum Pulse Width 'control:ControlUnit|currentState.BranchS'
Slack : 0.500
TNS   : 0.000

Type  : Slow Model Minimum Pulse Width 'control:ControlUnit|currentState.DecodeS'
Slack : 0.500
TNS   : 0.000

Type  : Slow Model Minimum Pulse Width 'control:ControlUnit|currentState.FetchS'
Slack : 0.500
TNS   : 0.000

Type  : Slow Model Minimum Pulse Width 'control:ControlUnit|currentState.MemReadS'
Slack : 0.500
TNS   : 0.000

Type  : Fast Model Setup 'reloj'
Slack : -20.278
TNS   : -3782.390

Type  : Fast Model Setup 'control:ControlUnit|currentState.DecodeS'
Slack : -19.779
TNS   : -171.857

Type  : Fast Model Setup 'control:ControlUnit|currentState.FetchS'
Slack : -4.630
TNS   : -84.027

Type  : Fast Model Setup 'control:ControlUnit|currentState.MemReadS'
Slack : -2.975
TNS   : -45.272

Type  : Fast Model Setup 'control:ControlUnit|currentState.BranchS'
Slack : -2.276
TNS   : -33.961

Type  : Fast Model Hold 'control:ControlUnit|currentState.DecodeS'
Slack : -1.745
TNS   : -10.570

Type  : Fast Model Hold 'control:ControlUnit|currentState.BranchS'
Slack : -1.366
TNS   : -17.824

Type  : Fast Model Hold 'reloj'
Slack : -1.319
TNS   : -191.624

Type  : Fast Model Hold 'control:ControlUnit|currentState.FetchS'
Slack : -0.831
TNS   : -5.042

Type  : Fast Model Hold 'control:ControlUnit|currentState.MemReadS'
Slack : 0.945
TNS   : 0.000

Type  : Fast Model Minimum Pulse Width 'reloj'
Slack : -1.380
TNS   : -1320.380

Type  : Fast Model Minimum Pulse Width 'control:ControlUnit|currentState.BranchS'
Slack : 0.500
TNS   : 0.000

Type  : Fast Model Minimum Pulse Width 'control:ControlUnit|currentState.DecodeS'
Slack : 0.500
TNS   : 0.000

Type  : Fast Model Minimum Pulse Width 'control:ControlUnit|currentState.FetchS'
Slack : 0.500
TNS   : 0.000

Type  : Fast Model Minimum Pulse Width 'control:ControlUnit|currentState.MemReadS'
Slack : 0.500
TNS   : 0.000

------------------------------------------------------------
